
> ai-stock-frontend@0.1.0 dev
> vite


  [32m[1mVITE[22m v5.4.21[39m  [2mready in [0m[1m427[22m[2m[0m ms[22m

  [32m➜[39m  [1mLocal[22m:   [36mhttp://localhost:[1m5173[22m/[39m
  [32m➜[39m  [1mNetwork[22m: [36mhttp://192.168.1.111:[1m5173[22m/[39m
  [32m➜[39m  [1mNetwork[22m: [36mhttp://172.25.96.1:[1m5173[22m/[39m
[2m11:10:09[22m [36m[1m[vite][22m[39m [32mhmr update [39m[2m/src/layout/MainLayout.vue, /src/layout/MainLayout.vue?vue&type=style&index=0&scoped=fedce037&lang.css[22m
[2m11:10:12[22m [36m[1m[vite][22m[39m [32mhmr update [39m[2m/src/views/Home.vue[22m
[2m11:10:22[22m [36m[1m[vite][22m[39m [32mhmr update [39m[2m/src/views/Home.vue[22m
[2m11:10:25[22m [36m[1m[vite][22m[39m [32mhmr update [39m[2m/src/views/Home.vue[22m
[2m11:10:29[22m [36m[1m[vite][22m[39m [32mhmr update [39m[2m/src/views/Replay.vue[22m
[2m11:10:32[22m [36m[1m[vite][22m[39m [32mhmr update [39m[2m/src/views/Replay.vue[22m
[2m11:10:36[22m [36m[1m[vite][22m[39m [32mhmr update [39m[2m/src/views/TradeImport.vue[22m
[2m11:10:49[22m [36m[1m[vite][22m[39m [32mhmr update [39m[2m/src/views/TradeImport.vue[22m

> ai-stock-frontend@0.1.0 dev
> vite


  [32m[1mVITE[22m v5.4.21[39m  [2mready in [0m[1m411[22m[2m[0m ms[22m

  [32m➜[39m  [1mLocal[22m:   [36mhttp://localhost:[1m5173[22m/[39m
  [32m➜[39m  [1mNetwork[22m: [36mhttp://192.168.1.111:[1m5173[22m/[39m
  [32m➜[39m  [1mNetwork[22m: [36mhttp://172.25.96.1:[1m5173[22m/[39m

> ai-stock-frontend@0.1.0 dev
> vite


  [32m[1mVITE[22m v5.4.21[39m  [2mready in [0m[1m368[22m[2m[0m ms[22m

  [32m➜[39m  [1mLocal[22m:   [36mhttp://localhost:[1m5173[22m/[39m
  [32m➜[39m  [1mNetwork[22m: [36mhttp://192.168.1.111:[1m5173[22m/[39m
  [32m➜[39m  [1mNetwork[22m: [36mhttp://172.25.96.1:[1m5173[22m/[39m
[2m11:43:07[22m [36m[1m[vite][22m[39m [32mhmr update [39m[2m/src/views/Agents.vue, /src/layout/MainLayout.vue, /src/views/Home.vue, /src/views/Watchlist.vue, /src/views/StockDetail.vue, /src/views/Replay.vue, /src/views/Simulation.vue, /src/views/TradeImport.vue[22m
[2m11:44:45[22m [36m[1m[vite][22m[39m [32mhmr update [39m[2m/src/views/Home.vue[22m
[2m11:44:48[22m [36m[1m[vite][22m[39m [32mhmr update [39m[2m/src/views/Home.vue[22m
[2m11:44:52[22m [36m[1m[vite][22m[39m [32mhmr update [39m[2m/src/views/Watchlist.vue[22m
[2m11:44:56[22m [36m[1m[vite][22m[39m [32mhmr update [39m[2m/src/views/Watchlist.vue[22m
[2m11:45:00[22m [36m[1m[vite][22m[39m [32mhmr update [39m[2m/src/views/Watchlist.vue[22m
[2m12:52:28[22m [36m[1m[vite][22m[39m [32mhmr update [39m[2m/src/views/Agents.vue, /src/layout/MainLayout.vue, /src/views/Home.vue, /src/views/Watchlist.vue, /src/views/StockDetail.vue, /src/views/Replay.vue, /src/views/Simulation.vue, /src/views/TradeImport.vue[22m
[2m12:52:31[22m [36m[1m[vite][22m[39m [32mhmr update [39m[2m/src/views/Agents.vue, /src/layout/MainLayout.vue, /src/views/Home.vue, /src/views/Watchlist.vue, /src/views/StockDetail.vue, /src/views/Replay.vue, /src/views/Simulation.vue, /src/views/TradeImport.vue[22m
[2m12:52:35[22m [36m[1m[vite][22m[39m [32mhmr update [39m[2m/src/views/Replay.vue[22m
[2m12:52:39[22m [36m[1m[vite][22m[39m [32mhmr update [39m[2m/src/views/Replay.vue[22m
[2m12:52:43[22m [36m[1m[vite][22m[39m [32mhmr update [39m[2m/src/views/Replay.vue[22m
[2m12:52:47[22m [36m[1m[vite][22m[39m [32mhmr update [39m[2m/src/views/Replay.vue[22m
[2m12:53:00[22m [36m[1m[vite][22m[39m [32mhmr update [39m[2m/src/views/StockDetail.vue[22m
[2m12:53:05[22m [36m[1m[vite][22m[39m [32mhmr update [39m[2m/src/views/StockDetail.vue[22m
[2m12:53:07[22m [36m[1m[vite][22m[39m [32mhmr update [39m[2m/src/views/StockDetail.vue[22m
[2m12:53:12[22m [36m[1m[vite][22m[39m [32mhmr update [39m[2m/src/views/StockDetail.vue[22m
[2m12:54:20[22m [36m[1m[vite][22m[39m [32mhmr update [39m[2m/src/views/Home.vue[22m
[2m12:54:26[22m [36m[1m[vite][22m[39m [32mhmr update [39m[2m/src/views/Home.vue[22m
[2m12:54:42[22m [36m[1m[vite][22m[39m [32mhmr update [39m[2m/src/views/Home.vue[22m
[2m12:54:45[22m [36m[1m[vite][22m[39m [32mhmr update [39m[2m/src/views/Home.vue[22m
[2m12:54:48[22m [36m[1m[vite][22m[39m [32mhmr update [39m[2m/src/views/Home.vue[22m
[2m12:54:54[22m [36m[1m[vite][22m[39m [32mhmr update [39m[2m/src/views/Home.vue?vue&type=style&index=0&scoped=2dc54a20&lang.css[22m
[2m12:55:21[22m [36m[1m[vite][22m[39m [32mhmr update [39m[2m/src/views/Watchlist.vue, /src/views/Watchlist.vue?vue&type=style&index=0&scoped=fd2a3b64&lang.css[22m
[2m12:55:29[22m [36m[1m[vite][22m[39m [32mhmr update [39m[2m/src/views/Simulation.vue[22m
[2m12:55:34[22m [36m[1m[vite][22m[39m [32mhmr update [39m[2m/src/views/Simulation.vue[22m
[2m12:55:53[22m [36m[1m[vite][22m[39m [32mhmr update [39m[2m/src/views/Simulation.vue[22m
[2m12:55:58[22m [36m[1m[vite][22m[39m [32mhmr update [39m[2m/src/views/Simulation.vue[22m
[2m12:56:03[22m [36m[1m[vite][22m[39m [32mhmr update [39m[2m/src/views/Simulation.vue[22m
[2m12:56:31[22m [36m[1m[vite][22m[39m [32mhmr update [39m[2m/src/views/TradeImport.vue[22m
[2m12:56:42[22m [36m[1m[vite][22m[39m [32mhmr update [39m[2m/src/views/Agents.vue[22m
[2m12:56:46[22m [36m[1m[vite][22m[39m [32mhmr update [39m[2m/src/views/Agents.vue[22m
[2m12:56:49[22m [36m[1m[vite][22m[39m [32mhmr update [39m[2m/src/views/Agents.vue[22m
[2m12:56:53[22m [36m[1m[vite][22m[39m [32mhmr update [39m[2m/src/views/Agents.vue[22m
[2m12:56:57[22m [36m[1m[vite][22m[39m [32mhmr update [39m[2m/src/views/Agents.vue[22m
[2m13:03:55[22m [36m[1m[vite][22m[39m [32mhmr update [39m[2m/src/views/Home.vue[22m
[2m13:05:40[22m [36m[1m[vite][22m[39m [32mhmr update [39m[2m/src/views/Home.vue[22m
[2m13:05:43[22m [36m[1m[vite][22m[39m [32mhmr update [39m[2m/src/views/Home.vue[22m
[2m13:05:45[22m [36m[1m[vite][22m[39m [32mhmr update [39m[2m/src/views/Home.vue[22m
[2m13:05:48[22m [36m[1m[vite][22m[39m [32mhmr update [39m[2m/src/views/Home.vue[22m
[2m13:34:52[22m [36m[1m[vite][22m[39m [32mhmr update [39m[2m/src/views/Agents.vue, /src/layout/MainLayout.vue, /src/views/Home.vue, /src/views/Watchlist.vue, /src/views/StockDetail.vue, /src/views/Replay.vue, /src/views/Simulation.vue, /src/views/TradeImport.vue[22m
[2m13:35:21[22m [36m[1m[vite][22m[39m [32mhmr update [39m[2m/src/components/LineChart.vue[22m
[2m13:35:59[22m [36m[1m[vite][22m[39m [32mhmr update [39m[2m/src/views/Home.vue, /src/views/Home.vue?vue&type=style&index=0&scoped=2dc54a20&lang.css[22m
[2m13:36:50[22m [36m[1m[vite][22m[39m [32mhmr update [39m[2m/src/views/Watchlist.vue[22m
[2m13:36:55[22m [36m[1m[vite][22m[39m [32mhmr update [39m[2m/src/views/Watchlist.vue[22m
[2m13:36:58[22m [36m[1m[vite][22m[39m [32mhmr update [39m[2m/src/views/Watchlist.vue[22m
[2m13:37:00[22m [36m[1m[vite][22m[39m [32mhmr update [39m[2m/src/views/Watchlist.vue?vue&type=style&index=0&scoped=fd2a3b64&lang.css[22m
[2m13:38:22[22m [36m[1m[vite][22m[39m [32mhmr update [39m[2m/src/components/KlineChart.vue[22m
[2m13:38:26[22m [36m[1m[vite][22m[39m [32mhmr update [39m[2m/src/components/KlineChart.vue[22m
[2m13:38:27[22m [36m[1m[vite][22m[39m [32mhmr update [39m[2m/src/components/KlineChart.vue[22m
[2m13:38:31[22m [36m[1m[vite][22m[39m [32mhmr update [39m[2m/src/views/StockDetail.vue[22m
[2m13:38:34[22m [36m[1m[vite][22m[39m [32mhmr update [39m[2m/src/views/StockDetail.vue[22m
[2m13:38:43[22m [36m[1m[vite][22m[39m [32mhmr update [39m[2m/src/views/Watchlist.vue[22m
[2m13:51:52[22m [36m[1m[vite][22m[39m [32mhmr update [39m[2m/src/views/Watchlist.vue[22m
[2m13:52:14[22m [36m[1m[vite][22m[39m [32mhmr update [39m[2m/src/views/Watchlist.vue[22m
[2m13:52:19[22m [36m[1m[vite][22m[39m [32mhmr update [39m[2m/src/views/Watchlist.vue[22m
[2m13:52:22[22m [36m[1m[vite][22m[39m [32mhmr update [39m[2m/src/views/Watchlist.vue[22m
[2m13:52:50[22m [36m[1m[vite][22m[39m [32mhmr update [39m[2m/src/views/Watchlist.vue[22m
[2m13:52:53[22m [36m[1m[vite][22m[39m [32mhmr update [39m[2m/src/views/Watchlist.vue[22m
[2m13:52:55[22m [36m[1m[vite][22m[39m [32mhmr update [39m[2m/src/views/Watchlist.vue[22m
[2m14:20:28[22m [36m[1m[vite][22m[39m [32mhmr update [39m[2m/src/components/LineChart.vue[22m
[2m14:21:17[22m [36m[1m[vite][22m[39m [32mhmr update [39m[2m/src/views/Home.vue, /src/views/Home.vue?vue&type=style&index=0&scoped=2dc54a20&lang.css[22m
[2m14:21:35[22m [36m[1m[vite][22m[39m [32mhmr update [39m[2m/src/views/Home.vue[22m
[2m14:21:41[22m [36m[1m[vite][22m[39m [32mhmr update [39m[2m/src/views/Home.vue[22m
[2m14:21:44[22m [36m[1m[vite][22m[39m [32mhmr update [39m[2m/src/views/Home.vue?vue&type=style&index=0&scoped=2dc54a20&lang.css[22m
[2m14:21:54[22m [36m[1m[vite][22m[39m [32mhmr update [39m[2m/src/views/StockDetail.vue[22m
[2m14:22:11[22m [36m[1m[vite][22m[39m [32mhmr update [39m[2m/src/views/StockDetail.vue[22m
[2m14:22:22[22m [36m[1m[vite][22m[39m [32mhmr update [39m[2m/src/views/StockDetail.vue[22m
[2m14:22:42[22m [36m[1m[vite][22m[39m [32mhmr update [39m[2m/src/views/Watchlist.vue[22m
[2m14:22:57[22m [36m[1m[vite][22m[39m [32mhmr update [39m[2m/src/views/Watchlist.vue[22m
[2m14:23:05[22m [36m[1m[vite][22m[39m [32mhmr update [39m[2m/src/views/Watchlist.vue[22m
[2m14:23:08[22m [36m[1m[vite][22m[39m [32mhmr update [39m[2m/src/views/Watchlist.vue[22m
[2m14:23:11[22m [36m[1m[vite][22m[39m [32mhmr update [39m[2m/src/views/Watchlist.vue[22m
[2m15:06:00[22m [36m[1m[vite][22m[39m [32mhmr update [39m[2m/src/components/LineChart.vue[22m
[2m15:06:15[22m [36m[1m[vite][22m[39m [32mhmr update [39m[2m/src/components/LineChart.vue[22m
[2m15:06:18[22m [36m[1m[vite][22m[39m [32mhmr update [39m[2m/src/components/LineChart.vue[22m
[2m15:06:54[22m [36m[1m[vite][22m[39m [32mhmr update [39m[2m/src/views/Home.vue[22m
[2m15:07:00[22m [36m[1m[vite][22m[39m [32mhmr update [39m[2m/src/views/Home.vue[22m
[2m15:07:06[22m [36m[1m[vite][22m[39m [32mhmr update [39m[2m/src/views/Home.vue[22m
[2m15:07:16[22m [36m[1m[vite][22m[39m [32mhmr update [39m[2m/src/views/Home.vue[22m
[2m15:07:22[22m [36m[1m[vite][22m[39m [32mhmr update [39m[2m/src/views/Home.vue?vue&type=style&index=0&scoped=2dc54a20&lang.css[22m
[2m15:07:26[22m [36m[1m[vite][22m[39m [32mhmr update [39m[2m/src/views/Home.vue[22m
[2m15:07:32[22m [36m[1m[vite][22m[39m [32mhmr update [39m[2m/src/views/Home.vue?vue&type=style&index=0&scoped=2dc54a20&lang.css[22m
[2m15:10:27[22m [36m[1m[vite][22m[39m [32mhmr update [39m[2m/src/views/Agents.vue, /src/layout/MainLayout.vue, /src/views/Home.vue, /src/views/Watchlist.vue, /src/views/StockDetail.vue, /src/views/Replay.vue, /src/views/Simulation.vue, /src/views/TradeImport.vue[22m
[2m15:10:35[22m [36m[1m[vite][22m[39m [32mhmr update [39m[2m/src/views/StockDetail.vue[22m
[2m15:10:39[22m [36m[1m[vite][22m[39m [32mhmr update [39m[2m/src/views/StockDetail.vue[22m
[2m15:10:49[22m [36m[1m[vite][22m[39m [32mhmr update [39m[2m/src/views/StockDetail.vue[22m
[2m15:10:54[22m [36m[1m[vite][22m[39m [32mhmr update [39m[2m/src/views/StockDetail.vue[22m
[2m15:10:56[22m [36m[1m[vite][22m[39m [32mhmr update [39m[2m/src/views/StockDetail.vue[22m
[2m15:10:58[22m [36m[1m[vite][22m[39m [32mhmr update [39m[2m/src/views/StockDetail.vue[22m
[2m15:11:02[22m [36m[1m[vite][22m[39m [32mhmr update [39m[2m/src/views/StockDetail.vue[22m
[2m15:11:06[22m [36m[1m[vite][22m[39m [32mhmr update [39m[2m/src/views/StockDetail.vue[22m
[2m15:11:21[22m [36m[1m[vite][22m[39m [32mhmr update [39m[2m/src/views/Watchlist.vue[22m
[2m15:11:29[22m [36m[1m[vite][22m[39m [32mhmr update [39m[2m/src/views/Watchlist.vue[22m
[2m15:11:34[22m [36m[1m[vite][22m[39m [32mhmr update [39m[2m/src/views/Watchlist.vue[22m
[2m15:11:37[22m [36m[1m[vite][22m[39m [32mhmr update [39m[2m/src/views/Watchlist.vue[22m
[2m15:11:40[22m [36m[1m[vite][22m[39m [32mhmr update [39m[2m/src/views/Watchlist.vue[22m
[2m15:11:44[22m [36m[1m[vite][22m[39m [32mhmr update [39m[2m/src/views/Agents.vue, /src/layout/MainLayout.vue, /src/views/Home.vue, /src/views/Watchlist.vue, /src/views/StockDetail.vue, /src/views/Replay.vue, /src/views/Simulation.vue, /src/views/TradeImport.vue[22m
[2m15:12:38[22m [36m[1m[vite][22m[39m [32mhmr update [39m[2m/src/views/StockDetail.vue[22m
[2m15:23:43[22m [36m[1m[vite][22m[39m [32mhmr update [39m[2m/src/views/Agents.vue, /src/layout/MainLayout.vue, /src/views/Home.vue, /src/views/Watchlist.vue, /src/views/StockDetail.vue, /src/views/Replay.vue, /src/views/Simulation.vue, /src/views/TradeImport.vue[22m
[2m15:23:46[22m [36m[1m[vite][22m[39m [32mhmr update [39m[2m/src/views/Agents.vue, /src/layout/MainLayout.vue, /src/views/Home.vue, /src/views/Watchlist.vue, /src/views/StockDetail.vue, /src/views/Replay.vue, /src/views/Simulation.vue, /src/views/TradeImport.vue[22m
[2m15:24:03[22m [36m[1m[vite][22m[39m [32mhmr update [39m[2m/src/views/Home.vue[22m
[2m15:24:34[22m [36m[1m[vite][22m[39m [32mhmr update [39m[2m/src/views/Home.vue[22m
[2m15:24:38[22m [36m[1m[vite][22m[39m [32mhmr update [39m[2m/src/views/Home.vue[22m
[2m15:24:41[22m [36m[1m[vite][22m[39m [32mhmr update [39m[2m/src/views/Home.vue?vue&type=style&index=0&scoped=2dc54a20&lang.css[22m
[2m15:24:48[22m [36m[1m[vite][22m[39m [32mhmr update [39m[2m/src/views/StockDetail.vue[22m
[2m15:24:51[22m [36m[1m[vite][22m[39m [32mhmr update [39m[2m/src/views/Watchlist.vue[22m
[2m15:24:56[22m [36m[1m[vite][22m[39m [32mhmr update [39m[2m/src/views/Watchlist.vue[22m
[2m15:31:49[22m [36m[1m[vite][22m[39m [32mhmr update [39m[2m/src/views/Simulation.vue[22m
[2m15:31:58[22m [36m[1m[vite][22m[39m [32mhmr update [39m[2m/src/views/Simulation.vue[22m
[2m15:32:07[22m [36m[1m[vite][22m[39m [32mhmr update [39m[2m/src/views/Simulation.vue[22m
[2m15:32:22[22m [36m[1m[vite][22m[39m [32mhmr update [39m[2m/src/views/Simulation.vue[22m
[2m15:32:24[22m [36m[1m[vite][22m[39m [32mhmr update [39m[2m/src/views/Simulation.vue[22m
[2m15:32:36[22m [36m[1m[vite][22m[39m [32mhmr update [39m[2m/src/views/Simulation.vue[22m
[2m15:32:46[22m [36m[1m[vite][22m[39m [32mhmr update [39m[2m/src/views/Simulation.vue[22m
[2m15:32:51[22m [36m[1m[vite][22m[39m [32mhmr update [39m[2m/src/views/Simulation.vue[22m
[2m15:32:54[22m [36m[1m[vite][22m[39m [32mhmr update [39m[2m/src/views/Simulation.vue[22m
[2m15:33:00[22m [36m[1m[vite][22m[39m [32mhmr update [39m[2m/src/views/Watchlist.vue[22m
[2m15:33:03[22m [36m[1m[vite][22m[39m [32mhmr update [39m[2m/src/views/Watchlist.vue[22m
[2m15:34:45[22m [36m[1m[vite][22m[39m [32mhmr update [39m[2m/src/views/Watchlist.vue[22m
[2m16:18:33[22m [36m[1m[vite][22m[39m [32mhmr update [39m[2m/src/layout/MainLayout.vue[22m
[2m16:18:47[22m [36m[1m[vite][22m[39m [32mhmr update [39m[2m/src/layout/MainLayout.vue[22m
[2m16:20:03[22m [36m[1m[vite][22m[39m [32mhmr update [39m[2m/src/layout/MainLayout.vue[22m
[2m16:20:08[22m [36m[1m[vite][22m[39m [32mhmr update [39m[2m/src/layout/MainLayout.vue?vue&type=style&index=0&scoped=fedce037&lang.css[22m
[2m16:20:43[22m [36m[1m[vite][22m[39m [32mhmr update [39m[2m/src/views/Home.vue[22m
[2m16:20:57[22m [36m[1m[vite][22m[39m [32mhmr update [39m[2m/src/views/Home.vue[22m
[2m16:30:01[22m [36m[1m[vite][22m[39m [32mhmr update [39m[2m/src/views/Agents.vue, /src/layout/MainLayout.vue, /src/views/Home.vue, /src/views/Watchlist.vue, /src/views/StockDetail.vue, /src/views/Replay.vue, /src/views/Simulation.vue, /src/views/TradeImport.vue[22m
[2m16:30:36[22m [36m[1m[vite][22m[39m [32mhmr update [39m[2m/src/views/Home.vue[22m
[2m16:31:07[22m [36m[1m[vite][22m[39m [32mhmr update [39m[2m/src/views/Home.vue[22m
[2m16:31:41[22m [36m[1m[vite][22m[39m [32mhmr update [39m[2m/src/views/Home.vue[22m
[2m16:31:53[22m [36m[1m[vite][22m[39m [32mhmr update [39m[2m/src/views/Home.vue[22m
[2m16:32:19[22m [36m[1m[vite][22m[39m [32mhmr update [39m[2m/src/views/Home.vue?vue&type=style&index=0&scoped=2dc54a20&lang.css[22m
[2m16:35:11[22m [36m[1m[vite][22m[39m [32mhmr update [39m[2m/src/views/Replay.vue[22m
[2m16:35:20[22m [36m[1m[vite][22m[39m [32mhmr update [39m[2m/src/views/Replay.vue[22m
[2m16:37:30[22m [36m[1m[vite][22m[39m [32mhmr update [39m[2m/src/views/Replay.vue[22m
[2m16:37:45[22m [36m[1m[vite][22m[39m [32mhmr update [39m[2m/src/views/Replay.vue?vue&type=style&index=0&scoped=2f8a69fb&lang.css[22m
[2m16:39:06[22m [36m[1m[vite][22m[39m [32mhmr update [39m[2m/src/views/Watchlist.vue, /src/views/Watchlist.vue?vue&type=style&index=0&scoped=fd2a3b64&lang.css[22m
[2m16:39:35[22m [36m[1m[vite][22m[39m [32mpage reload [39m[2msrc/router/index.js[22m
[2m16:41:46[22m [36m[1m[vite][22m[39m [32mhmr update [39m[2m/src/views/Watchlist.vue[22m
[2m16:41:54[22m [36m[1m[vite][22m[39m [32mhmr update [39m[2m/src/views/Watchlist.vue[22m
[2m16:44:24[22m [36m[1m[vite][22m[39m [32mhmr update [39m[2m/src/styles/main.css[22m
[2m17:23:14[22m [36m[1m[vite][22m[39m [32mhmr update [39m[2m/src/components/KlineChart.vue[22m
[2m17:24:01[22m [36m[1m[vite][22m[39m [32mhmr update [39m[2m/src/components/KlineChart.vue[22m
[2m17:25:13[22m [36m[1m[vite][22m[39m [32mhmr update [39m[2m/src/components/KlineChart.vue[22m
[2m17:25:27[22m [36m[1m[vite][22m[39m [32mhmr update [39m[2m/src/components/KlineChart.vue[22m
[2m17:26:56[22m [36m[1m[vite][22m[39m [32mhmr update [39m[2m/src/views/StockDetail.vue[22m
[2m17:27:15[22m [36m[1m[vite][22m[39m [32mhmr update [39m[2m/src/views/Simulation.vue[22m
[2m17:27:59[22m [36m[1m[vite][22m[39m [32mhmr update [39m[2m/src/components/HQChartKline.vue[22m
[2m17:30:04[22m [36m[1m[vite][22m[39m [32mhmr update [39m[2m/src/components/HQChartKline.vue[22m
[2m17:30:22[22m [36m[1m[vite][22m[39m [32mhmr update [39m[2m/src/views/Watchlist.vue[22m
[2m17:38:28[22m [36m[1m[vite][22m[39m [32mhmr update [39m[2m/src/views/Watchlist.vue[22m
[2m10:19:09[22m [36m[1m[vite][22m[39m [32mhmr update [39m[2m/src/views/Agents.vue, /src/layout/MainLayout.vue, /src/views/Home.vue, /src/views/Watchlist.vue, /src/views/StockDetail.vue, /src/views/Replay.vue, /src/views/Simulation.vue, /src/views/TradeImport.vue[22m
[2m10:19:24[22m [36m[1m[vite][22m[39m [32mhmr update [39m[2m/src/views/Watchlist.vue[22m
[2m10:19:27[22m [36m[1m[vite][22m[39m [32mhmr update [39m[2m/src/views/Watchlist.vue[22m
[2m10:19:31[22m [36m[1m[vite][22m[39m [32mhmr update [39m[2m/src/views/Watchlist.vue[22m
[2m10:20:22[22m [36m[1m[vite][22m[39m [32mhmr update [39m[2m/src/views/Watchlist.vue[22m
[2m10:20:25[22m [36m[1m[vite][22m[39m [32mhmr update [39m[2m/src/views/Watchlist.vue[22m
[2m10:20:33[22m [36m[1m[vite][22m[39m [32mhmr update [39m[2m/src/views/Watchlist.vue[22m
[2m10:20:37[22m [36m[1m[vite][22m[39m [32mhmr update [39m[2m/src/views/Watchlist.vue[22m
[2m10:20:40[22m [36m[1m[vite][22m[39m [32mhmr update [39m[2m/src/views/Watchlist.vue[22m
[2m10:20:44[22m [36m[1m[vite][22m[39m [32mhmr update [39m[2m/src/views/Watchlist.vue[22m
[2m10:20:47[22m [36m[1m[vite][22m[39m [32mhmr update [39m[2m/src/views/Watchlist.vue[22m
[2m10:21:03[22m [36m[1m[vite][22m[39m [32mhmr update [39m[2m/src/views/Watchlist.vue[22m
[2m10:21:07[22m [36m[1m[vite][22m[39m [32mhmr update [39m[2m/src/views/Watchlist.vue[22m
[2m10:21:10[22m [36m[1m[vite][22m[39m [32mhmr update [39m[2m/src/views/Watchlist.vue[22m
[2m10:21:12[22m [36m[1m[vite][22m[39m [32mhmr update [39m[2m/src/views/Watchlist.vue[22m
[2m10:22:38[22m [36m[1m[vite][22m[39m [32mhmr update [39m[2m/src/views/Watchlist.vue[22m
[2m10:28:02[22m [36m[1m[vite][22m[39m [32mhmr update [39m[2m/src/views/Watchlist.vue[22m
[2m11:01:19[22m [36m[1m[vite][22m[39m [32mhmr update [39m[2m/src/views/Agents.vue, /src/layout/MainLayout.vue, /src/views/Home.vue, /src/views/Watchlist.vue, /src/views/StockDetail.vue, /src/views/Replay.vue, /src/views/Simulation.vue, /src/views/TradeImport.vue[22m
[2m11:01:22[22m [36m[1m[vite][22m[39m [32mhmr update [39m[2m/src/views/Agents.vue, /src/layout/MainLayout.vue, /src/views/Home.vue, /src/views/Watchlist.vue, /src/views/StockDetail.vue, /src/views/Replay.vue, /src/views/Simulation.vue, /src/views/TradeImport.vue[22m
[2m11:01:36[22m [36m[1m[vite][22m[39m [32mhmr update [39m[2m/src/views/Simulation.vue[22m
[2m11:01:39[22m [36m[1m[vite][22m[39m [32mhmr update [39m[2m/src/views/Simulation.vue[22m
[2m11:01:57[22m [36m[1m[vite][22m[39m [32mhmr update [39m[2m/src/views/Simulation.vue[22m
[2m11:01:59[22m [36m[1m[vite][22m[39m [32mhmr update [39m[2m/src/views/Simulation.vue[22m
[2m11:02:03[22m [36m[1m[vite][22m[39m [32mhmr update [39m[2m/src/views/Simulation.vue[22m
[2m11:02:05[22m [36m[1m[vite][22m[39m [32mhmr update [39m[2m/src/views/Simulation.vue[22m
[2m11:02:07[22m [36m[1m[vite][22m[39m [32mhmr update [39m[2m/src/views/Simulation.vue[22m
[2m11:02:26[22m [36m[1m[vite][22m[39m [32mhmr update [39m[2m/src/views/Home.vue[22m
[2m11:02:38[22m [36m[1m[vite][22m[39m [32mhmr update [39m[2m/src/views/Home.vue[22m
[2m11:02:42[22m [36m[1m[vite][22m[39m [32mhmr update [39m[2m/src/views/Home.vue[22m
[2m11:02:47[22m [36m[1m[vite][22m[39m [32mhmr update [39m[2m/src/views/Home.vue[22m
[2m11:02:51[22m [36m[1m[vite][22m[39m [32mhmr update [39m[2m/src/views/Home.vue[22m
[2m11:02:56[22m [36m[1m[vite][22m[39m [32mhmr update [39m[2m/src/views/Home.vue[22m
[2m11:02:59[22m [36m[1m[vite][22m[39m [32mhmr update [39m[2m/src/views/Home.vue[22m
[2m11:03:05[22m [36m[1m[vite][22m[39m [32mhmr update [39m[2m/src/views/Home.vue[22m
[2m11:03:08[22m [36m[1m[vite][22m[39m [32mhmr update [39m[2m/src/views/Home.vue[22m
[2m11:03:10[22m [36m[1m[vite][22m[39m [32mhmr update [39m[2m/src/views/Home.vue[22m
[2m11:03:16[22m [36m[1m[vite][22m[39m [32mhmr update [39m[2m/src/views/Home.vue?vue&type=style&index=0&scoped=2dc54a20&lang.css[22m
[2m11:03:29[22m [36m[1m[vite][22m[39m [32mhmr update [39m[2m/src/views/Watchlist.vue[22m
[2m11:03:32[22m [36m[1m[vite][22m[39m [32mhmr update [39m[2m/src/views/Watchlist.vue[22m
[2m11:03:37[22m [36m[1m[vite][22m[39m [32mhmr update [39m[2m/src/views/Watchlist.vue[22m
[2m11:05:14[22m [36m[1m[vite][22m[39m [32mhmr update [39m[2m/src/components/HQChartKline.vue[22m
[2m11:05:16[22m [36m[1m[vite][22m[39m [32mhmr update [39m[2m/src/components/KlineChart.vue[22m
[2m11:05:21[22m [36m[1m[vite][22m[39m [32mhmr update [39m[2m/src/components/HQChartKline.vue[22m
[2m11:05:24[22m [36m[1m[vite][22m[39m [32mhmr update [39m[2m/src/components/KlineChart.vue[22m
[2m11:18:28[22m [36m[1m[vite][22m[39m [32mhmr update [39m[2m/src/styles/main.css[22m
[2m11:18:30[22m [36m[1m[vite][22m[39m [32mhmr update [39m[2m/src/styles/main.css[22m
[2m11:52:02[22m [36m[1m[vite][22m[39m [32mhmr update [39m[2m/src/views/Agents.vue, /src/layout/MainLayout.vue, /src/views/Home.vue, /src/views/Watchlist.vue, /src/views/StockDetail.vue, /src/views/Replay.vue, /src/views/Simulation.vue, /src/views/TradeImport.vue[22m
[2m11:52:05[22m [36m[1m[vite][22m[39m [32mhmr update [39m[2m/src/views/Agents.vue, /src/layout/MainLayout.vue, /src/views/Home.vue, /src/views/Watchlist.vue, /src/views/StockDetail.vue, /src/views/Replay.vue, /src/views/Simulation.vue, /src/views/TradeImport.vue[22m
[2m11:52:41[22m [36m[1m[vite][22m[39m [32mhmr update [39m[2m/src/views/Watchlist.vue[22m
[2m11:55:42[22m [36m[1m[vite][22m[39m [32mhmr update [39m[2m/src/views/Watchlist.vue[22m
[2m11:55:46[22m [36m[1m[vite][22m[39m [32mhmr update [39m[2m/src/views/Watchlist.vue[22m
[2m11:55:50[22m [36m[1m[vite][22m[39m [32mhmr update [39m[2m/src/views/Watchlist.vue[22m
[2m11:55:53[22m [36m[1m[vite][22m[39m [32mhmr update [39m[2m/src/views/Watchlist.vue[22m
[2m11:56:04[22m [36m[1m[vite][22m[39m [32mhmr update [39m[2m/src/views/Watchlist.vue[22m
[2m11:56:11[22m [36m[1m[vite][22m[39m [32mhmr update [39m[2m/src/views/Watchlist.vue[22m
[2m11:56:18[22m [36m[1m[vite][22m[39m [32mhmr update [39m[2m/src/views/Watchlist.vue[22m
[2m11:56:20[22m [36m[1m[vite][22m[39m [32mhmr update [39m[2m/src/views/Watchlist.vue[22m
[2m11:56:23[22m [36m[1m[vite][22m[39m [32mhmr update [39m[2m/src/views/Watchlist.vue[22m
[2m11:56:32[22m [36m[1m[vite][22m[39m [32mhmr update [39m[2m/src/views/Watchlist.vue[22m
[2m11:56:34[22m [36m[1m[vite][22m[39m [32mhmr update [39m[2m/src/views/Watchlist.vue?vue&type=style&index=0&scoped=fd2a3b64&lang.css[22m
[2m11:57:36[22m [36m[1m[vite][22m[39m [32mhmr update [39m[2m/src/views/Replay.vue[22m
[2m11:57:53[22m [36m[1m[vite][22m[39m [32mhmr update [39m[2m/src/views/Replay.vue[22m
[2m11:57:59[22m [36m[1m[vite][22m[39m [32mhmr update [39m[2m/src/views/Replay.vue[22m
[2m11:58:13[22m [36m[1m[vite][22m[39m [32mhmr update [39m[2m/src/views/Replay.vue[22m
[2m11:58:19[22m [36m[1m[vite][22m[39m [32mhmr update [39m[2m/src/views/Replay.vue[22m
[2m11:58:24[22m [36m[1m[vite][22m[39m [32mhmr update [39m[2m/src/views/Replay.vue[22m
[2m11:58:26[22m [36m[1m[vite][22m[39m [32mhmr update [39m[2m/src/views/Replay.vue[22m
[2m11:58:31[22m [36m[1m[vite][22m[39m [32mhmr update [39m[2m/src/views/Replay.vue[22m
[2m11:58:51[22m [36m[1m[vite][22m[39m [32mhmr update [39m[2m/src/views/Home.vue[22m
[2m11:58:55[22m [36m[1m[vite][22m[39m [32mhmr update [39m[2m/src/views/Home.vue[22m
[2m11:59:00[22m [36m[1m[vite][22m[39m [32mhmr update [39m[2m/src/views/Home.vue?vue&type=style&index=0&scoped=2dc54a20&lang.css[22m
[2m11:59:03[22m [36m[1m[vite][22m[39m [32mhmr update [39m[2m/src/views/Home.vue[22m
[2m11:59:05[22m [36m[1m[vite][22m[39m [32mhmr update [39m[2m/src/views/Home.vue[22m
[2m12:01:42[22m [36m[1m[vite][22m[39m [32mhmr update [39m[2m/src/views/StockDetail.vue[22m
[2m12:01:45[22m [36m[1m[vite][22m[39m [32mhmr update [39m[2m/src/views/StockDetail.vue[22m
[2m12:01:50[22m [36m[1m[vite][22m[39m [32mhmr update [39m[2m/src/views/StockDetail.vue[22m
[2m12:01:55[22m [36m[1m[vite][22m[39m [32mhmr update [39m[2m/src/views/StockDetail.vue[22m
[2m12:02:37[22m [36m[1m[vite][22m[39m [32mhmr update [39m[2m/src/views/Watchlist.vue[22m
[2m12:03:53[22m [36m[1m[vite][22m[39m [32mhmr update [39m[2m/src/views/Watchlist.vue[22m
[2m12:03:57[22m [36m[1m[vite][22m[39m [32mhmr update [39m[2m/src/views/Watchlist.vue[22m
[2m12:04:01[22m [36m[1m[vite][22m[39m [32mhmr update [39m[2m/src/views/Watchlist.vue[22m
[2m12:04:04[22m [36m[1m[vite][22m[39m [32mhmr update [39m[2m/src/views/Watchlist.vue[22m
[2m12:04:11[22m [36m[1m[vite][22m[39m [32mhmr update [39m[2m/src/views/Watchlist.vue[22m
[2m12:04:15[22m [36m[1m[vite][22m[39m [32mhmr update [39m[2m/src/views/Watchlist.vue?vue&type=style&index=0&scoped=fd2a3b64&lang.css[22m
[2m12:04:22[22m [36m[1m[vite][22m[39m [32mhmr update [39m[2m/src/views/Replay.vue[22m
[2m12:12:39[22m [36m[1m[vite][22m[39m [32mhmr update [39m[2m/src/views/Watchlist.vue[22m
[2m12:13:52[22m [36m[1m[vite][22m[39m [32mhmr update [39m[2m/src/views/StockDetail.vue[22m
[2m12:14:00[22m [36m[1m[vite][22m[39m [32mhmr update [39m[2m/src/views/StockDetail.vue[22m
[2m12:28:47[22m [36m[1m[vite][22m[39m [32mhmr update [39m[2m/src/layout/MainLayout.vue[22m
[2m12:28:49[22m [36m[1m[vite][22m[39m [32mpage reload [39m[2mindex.html[22m
[2m12:30:50[22m [36m[1m[vite][22m[39m [32mvite.config.js changed, restarting server...[39m
Re-optimizing dependencies because lockfile has changed
[2m12:30:50[22m [36m[1m[vite][22m[39m server restarted.
[2m12:34:59[22m [36m[1m[vite][22m[39m [32mpage reload [39m[2mindex.html[22m
[2m13:23:42[22m [36m[1m[vite][22m[39m [32mhmr update [39m[2m/src/views/Home.vue, /src/layout/MainLayout.vue, /src/views/Watchlist.vue, /src/views/Replay.vue, /src/views/Simulation.vue, /src/views/TradeImport.vue, /src/views/Agents.vue[22m
[2m13:23:46[22m [36m[1m[vite][22m[39m [32mhmr update [39m[2m/src/views/Home.vue, /src/layout/MainLayout.vue, /src/views/Watchlist.vue, /src/views/Replay.vue, /src/views/Simulation.vue, /src/views/TradeImport.vue, /src/views/Agents.vue[22m
[2m13:27:52[22m [36m[1m[vite][22m[39m [32mhmr update [39m[2m/src/components/LineChart.vue[22m
[2m13:28:04[22m [36m[1m[vite][22m[39m [32mhmr update [39m[2m/src/components/LineChart.vue[22m
[2m13:28:20[22m [36m[1m[vite][22m[39m [32mhmr update [39m[2m/src/views/Home.vue[22m
[2m13:28:27[22m [36m[1m[vite][22m[39m [32mhmr update [39m[2m/src/views/Home.vue[22m
[2m13:28:36[22m [36m[1m[vite][22m[39m [32mhmr update [39m[2m/src/views/Home.vue[22m
[2m13:28:45[22m [36m[1m[vite][22m[39m [32mhmr update [39m[2m/src/views/Home.vue[22m
[2m13:29:00[22m [36m[1m[vite][22m[39m [32mhmr update [39m[2m/src/views/Home.vue[22m
[2m13:29:03[22m [36m[1m[vite][22m[39m [32mhmr update [39m[2m/src/views/Home.vue[22m
[2m13:29:07[22m [36m[1m[vite][22m[39m [32mhmr update [39m[2m/src/views/Home.vue[22m
[2m13:29:12[22m [36m[1m[vite][22m[39m [32mhmr update [39m[2m/src/views/Home.vue[22m
[2m13:29:16[22m [36m[1m[vite][22m[39m [32mhmr update [39m[2m/src/views/Home.vue?vue&type=style&index=0&scoped=2dc54a20&lang.css[22m
[2m13:29:45[22m [36m[1m[vite][22m[39m [32mhmr update [39m[2m/src/views/Home.vue[22m
[2m13:29:48[22m [36m[1m[vite][22m[39m [32mhmr update [39m[2m/src/views/Home.vue[22m
[2m13:29:52[22m [36m[1m[vite][22m[39m [32mhmr update [39m[2m/src/views/Home.vue[22m
[2m13:29:56[22m [36m[1m[vite][22m[39m [32mhmr update [39m[2m/src/views/Home.vue[22m
[2m13:30:11[22m [36m[1m[vite][22m[39m [32mhmr update [39m[2m/src/layout/MainLayout.vue[22m
[2m13:30:16[22m [36m[1m[vite][22m[39m [32mhmr update [39m[2m/src/layout/MainLayout.vue[22m
[2m13:30:19[22m [36m[1m[vite][22m[39m [32mhmr update [39m[2m/src/layout/MainLayout.vue[22m
[2m13:30:25[22m [36m[1m[vite][22m[39m [32mhmr update [39m[2m/src/layout/MainLayout.vue?vue&type=style&index=0&scoped=fedce037&lang.css[22m
[2m13:30:35[22m [36m[1m[vite][22m[39m [32mhmr update [39m[2m/src/views/Agents.vue[22m
[2m13:30:44[22m [36m[1m[vite][22m[39m [32mhmr update [39m[2m/src/views/Agents.vue[22m
[2m13:30:51[22m [36m[1m[vite][22m[39m [32mhmr update [39m[2m/src/views/Agents.vue[22m
[2m13:31:02[22m [36m[1m[vite][22m[39m [32mhmr update [39m[2m/src/views/Agents.vue[22m
[2m13:31:28[22m [36m[1m[vite][22m[39m [32mhmr update [39m[2m/src/views/Replay.vue[22m
[2m13:32:55[22m [36m[1m[vite][22m[39m [32mhmr update [39m[2m/src/views/Replay.vue[22m
[2m13:32:58[22m [36m[1m[vite][22m[39m [32mhmr update [39m[2m/src/views/Replay.vue[22m
[2m13:33:58[22m [36m[1m[vite][22m[39m [32mhmr update [39m[2m/src/views/Watchlist.vue[22m
[2m13:34:15[22m [36m[1m[vite][22m[39m [32mhmr update [39m[2m/src/views/Watchlist.vue[22m
[2m13:34:22[22m [36m[1m[vite][22m[39m [32mhmr update [39m[2m/src/views/Watchlist.vue[22m
[2m13:34:31[22m [36m[1m[vite][22m[39m [32mhmr update [39m[2m/src/views/Watchlist.vue[22m
[2m13:34:37[22m [36m[1m[vite][22m[39m [32mhmr update [39m[2m/src/views/Watchlist.vue[22m
[2m13:57:57[22m [36m[1m[vite][22m[39m [32mhmr update [39m[2m/src/views/Home.vue, /src/layout/MainLayout.vue, /src/views/Watchlist.vue, /src/views/Replay.vue, /src/views/Simulation.vue, /src/views/TradeImport.vue, /src/views/Agents.vue[22m
[2m13:58:57[22m [36m[1m[vite][22m[39m [32mhmr update [39m[2m/src/views/Home.vue[22m
[2m13:59:04[22m [36m[1m[vite][22m[39m [32mhmr update [39m[2m/src/views/Home.vue[22m
[2m13:59:08[22m [36m[1m[vite][22m[39m [32mhmr update [39m[2m/src/views/Home.vue[22m
[2m13:59:11[22m [36m[1m[vite][22m[39m [32mhmr update [39m[2m/src/views/Home.vue[22m
[2m13:59:17[22m [36m[1m[vite][22m[39m [32mhmr update [39m[2m/src/views/Home.vue?vue&type=style&index=0&scoped=2dc54a20&lang.css[22m
[2m13:59:42[22m [36m[1m[vite][22m[39m [32mhmr update [39m[2m/src/views/Replay.vue[22m
[2m13:59:46[22m [36m[1m[vite][22m[39m [32mhmr update [39m[2m/src/views/Replay.vue[22m
[2m13:59:49[22m [36m[1m[vite][22m[39m [32mhmr update [39m[2m/src/views/Replay.vue[22m
[2m13:59:52[22m [36m[1m[vite][22m[39m [32mhmr update [39m[2m/src/views/Replay.vue?vue&type=style&index=0&scoped=2f8a69fb&lang.css[22m
[2m14:01:09[22m [36m[1m[vite][22m[39m [32mhmr update [39m[2m/src/views/Replay.vue[22m
[2m14:01:15[22m [36m[1m[vite][22m[39m [32mhmr update [39m[2m/src/views/Replay.vue[22m
[2m14:01:25[22m [36m[1m[vite][22m[39m [32mhmr update [39m[2m/src/views/Replay.vue[22m
[2m14:01:29[22m [36m[1m[vite][22m[39m [32mhmr update [39m[2m/src/views/Replay.vue[22m
[2m14:01:34[22m [36m[1m[vite][22m[39m [32mhmr update [39m[2m/src/views/Replay.vue?vue&type=style&index=0&scoped=2f8a69fb&lang.css[22m
[2m14:02:36[22m [36m[1m[vite][22m[39m [32mhmr update [39m[2m/src/views/Simulation.vue[22m
[2m14:02:40[22m [36m[1m[vite][22m[39m [32mhmr update [39m[2m/src/views/Simulation.vue[22m
[2m14:07:42[22m [36m[1m[vite][22m[39m [32mhmr update [39m[2m/src/views/Watchlist.vue[22m
[2m14:07:44[22m [36m[1m[vite][22m[39m [32mhmr update [39m[2m/src/views/Watchlist.vue[22m
[2m14:07:47[22m [36m[1m[vite][22m[39m [32mhmr update [39m[2m/src/views/Watchlist.vue[22m
[2m14:07:49[22m [36m[1m[vite][22m[39m [32mhmr update [39m[2m/src/views/Watchlist.vue[22m
[2m14:08:29[22m [36m[1m[vite][22m[39m [32mhmr update [39m[2m/src/views/Agents.vue[22m
[2m14:08:51[22m [36m[1m[vite][22m[39m [32mhmr update [39m[2m/src/components/KlineChart.vue[22m
[2m14:08:52[22m [36m[1m[vite][22m[39m [32mhmr update [39m[2m/src/components/KlineChart.vue[22m
[2m14:09:23[22m [36m[1m[vite][22m[39m [32mhmr update [39m[2m/src/views/Home.vue[22m
[2m14:09:26[22m [36m[1m[vite][22m[39m [32mhmr update [39m[2m/src/views/Home.vue?vue&type=style&index=0&scoped=2dc54a20&lang.css[22m
[2m14:10:31[22m [36m[1m[vite][22m[39m [32mhmr update [39m[2m/src/views/Replay.vue[22m
[2m14:32:37[22m [36m[1m[vite][22m[39m [32mhmr update [39m[2m/src/views/Home.vue, /src/layout/MainLayout.vue, /src/views/Watchlist.vue, /src/views/Replay.vue, /src/views/Simulation.vue, /src/views/TradeImport.vue, /src/views/Agents.vue[22m
[2m14:32:43[22m [36m[1m[vite][22m[39m [32mpage reload [39m[2msrc/router/index.js[22m
[2m14:32:45[22m [36m[1m[vite][22m[39m [32mhmr update [39m[2m/src/layout/MainLayout.vue[22m
[2m14:32:49[22m [36m[1m[vite][22m[39m [32mhmr update [39m[2m/src/layout/MainLayout.vue[22m
[2m14:34:00[22m [36m[1m[vite][22m[39m [32mpage reload [39m[2msrc/views/Settings.vue[22m
[2m14:35:54[22m [36m[1m[vite][22m[39m [32mhmr update [39m[2m/src/views/Home.vue[22m
[2m14:36:00[22m [36m[1m[vite][22m[39m [32mhmr update [39m[2m/src/views/Home.vue[22m
[2m14:36:06[22m [36m[1m[vite][22m[39m [32mhmr update [39m[2m/src/views/Home.vue[22m
[2m14:36:10[22m [36m[1m[vite][22m[39m [32mhmr update [39m[2m/src/views/Home.vue[22m
[2m14:36:13[22m [36m[1m[vite][22m[39m [32mhmr update [39m[2m/src/views/Home.vue[22m
[2m14:36:15[22m [36m[1m[vite][22m[39m [32mhmr update [39m[2m/src/views/Home.vue[22m
[2m14:36:36[22m [36m[1m[vite][22m[39m [32mhmr update [39m[2m/src/views/Home.vue[22m
[2m14:36:43[22m [36m[1m[vite][22m[39m [32mhmr update [39m[2m/src/views/Home.vue?vue&type=style&index=0&scoped=2dc54a20&lang.css[22m
[2m14:36:46[22m [36m[1m[vite][22m[39m [32mhmr update [39m[2m/src/views/Home.vue?vue&type=style&index=0&scoped=2dc54a20&lang.css[22m
[2m14:37:43[22m [36m[1m[vite][22m[39m [32mhmr update [39m[2m/src/views/Home.vue, /src/layout/MainLayout.vue, /src/views/Watchlist.vue, /src/views/Replay.vue, /src/views/Simulation.vue, /src/views/TradeImport.vue, /src/views/Agents.vue[22m
[2m14:37:59[22m [36m[1m[vite][22m[39m [32mhmr update [39m[2m/src/views/Simulation.vue[22m
[2m14:38:05[22m [36m[1m[vite][22m[39m [32mhmr update [39m[2m/src/views/Simulation.vue[22m
[2m14:38:11[22m [36m[1m[vite][22m[39m [32mhmr update [39m[2m/src/views/Simulation.vue[22m
[2m14:38:17[22m [36m[1m[vite][22m[39m [32mhmr update [39m[2m/src/views/Simulation.vue[22m
[2m14:38:27[22m [36m[1m[vite][22m[39m [32mhmr update [39m[2m/src/views/Simulation.vue[22m
[2m15:05:43[22m [36m[1m[vite][22m[39m [32mpage reload [39m[2msrc/router/index.js[22m
[2m15:05:48[22m [36m[1m[vite][22m[39m [32mhmr update [39m[2m/src/layout/MainLayout.vue[22m
[2m15:05:51[22m [36m[1m[vite][22m[39m [32mhmr update [39m[2m/src/layout/MainLayout.vue[22m
